22:15:36 **** Incremental Build of configuration Debug for project Simple _combined_central_hf ****
make -j8 all 
arm-none-eabi-gcc "../Core/Src/main.c" -mcpu=cortex-m3 -std=gnu11 -g3 -DDEBUG -DUSE_HAL_DRIVER -DSTM32F103xB -c -I../Core/Inc -I../Drivers/STM32F1xx_HAL_Driver/Inc -I../Drivers/STM32F1xx_HAL_Driver/Inc/Legacy -I../Drivers/CMSIS/Device/ST/STM32F1xx/Include -I../Drivers/CMSIS/Include -O0 -ffunction-sections -fdata-sections -Wall -fstack-usage -MMD -MP -MF"Core/Src/main.d" -MT"Core/Src/main.o" --specs=nano.specs -mfloat-abi=soft -mthumb -o "Core/Src/main.o"
arm-none-eabi-gcc -o "Simple _combined_central_hf.elf" @"objects.list"   -mcpu=cortex-m3 -T"D:\Work_Parent\Biowire\fNIRS_hardware\Firmware\2-Optode-board\Simple _combined_central_hf\STM32F103C8TX_FLASH.ld" --specs=nosys.specs -Wl,-Map="Simple _combined_central_hf.map" -Wl,--gc-sections -static --specs=nano.specs -mfloat-abi=soft -mthumb -Wl,--start-group -lc -lm -Wl,--end-group
Finished building target: Simple _combined_central_hf.elf
 
arm-none-eabi-size   Simple\ _combined_central_hf.elf 
arm-none-eabi-objdump -h -S  Simple\ _combined_central_hf.elf  > "Simple _combined_central_hf.list"
arm-none-eabi-objcopy  -O binary  Simple\ _combined_central_hf.elf  "Simple _combined_central_hf.bin"
   text	   data	    bss	    dec	    hex	filename
  15620	    124	   2676	  18420	   47f4	Simple _combined_central_hf.elf
Finished building: default.size.stdout
 
Finished building: Simple _combined_central_hf.bin
 
Finished building: Simple _combined_central_hf.list
 

22:15:38 Build Finished. 0 errors, 0 warnings. (took 2s.325ms)

