stm32l4xx_hal_msp.c:64:6:HAL_MspInit	8	static
stm32l4xx_hal_msp.c:86:6:HAL_ADC_MspInit	128	static
stm32l4xx_hal_msp.c:129:6:HAL_ADC_MspDeInit	0	static
stm32l4xx_hal_msp.c:157:6:HAL_DAC_MspInit	40	static
stm32l4xx_hal_msp.c:191:6:HAL_DAC_MspDeInit	0	static
stm32l4xx_hal_msp.c:220:6:HAL_UART_MspInit	128	static
stm32l4xx_hal_msp.c:266:6:HAL_UART_MspDeInit	0	static
stm32l4xx_hal_msp.c:295:6:HAL_SPI_MspInit	40	static
stm32l4xx_hal_msp.c:336:6:HAL_SPI_MspDeInit	8	static
stm32l4xx_hal_msp.c:369:6:HAL_TIM_Base_MspInit	16	static
stm32l4xx_hal_msp.c:394:6:HAL_TIM_Base_MspDeInit	0	static
